###############################################################################
#
# IAR ELF Linker V7.40.3.8902/W32 for ARM                 29/Feb/2016  22:11:46
# Copyright 2007-2015 IAR Systems AB.
#
#    Output file  =  
#        C:\Users\b51443\Desktop\FRDM_KL03Z\kl03-frdm-demo\build\iar\PWM\FLASH_32KB\Exe\PWM_freedom.out
#    Map file     =  
#        C:\Users\b51443\Desktop\FRDM_KL03Z\kl03-frdm-demo\build\iar\PWM\FLASH_32KB\List\PWM_freedom.map
#    Command line =  
#        C:\Users\b51443\Desktop\FRDM_KL03Z\kl03-frdm-demo\build\iar\PWM\FLASH_32KB\Obj\alloc.o
#        C:\Users\b51443\Desktop\FRDM_KL03Z\kl03-frdm-demo\build\iar\PWM\FLASH_32KB\Obj\arm_cm0.o
#        C:\Users\b51443\Desktop\FRDM_KL03Z\kl03-frdm-demo\build\iar\PWM\FLASH_32KB\Obj\assert.o
#        C:\Users\b51443\Desktop\FRDM_KL03Z\kl03-frdm-demo\build\iar\PWM\FLASH_32KB\Obj\cmp.o
#        C:\Users\b51443\Desktop\FRDM_KL03Z\kl03-frdm-demo\build\iar\PWM\FLASH_32KB\Obj\crt0.o
#        C:\Users\b51443\Desktop\FRDM_KL03Z\kl03-frdm-demo\build\iar\PWM\FLASH_32KB\Obj\io.o
#        C:\Users\b51443\Desktop\FRDM_KL03Z\kl03-frdm-demo\build\iar\PWM\FLASH_32KB\Obj\mcg_lite.o
#        C:\Users\b51443\Desktop\FRDM_KL03Z\kl03-frdm-demo\build\iar\PWM\FLASH_32KB\Obj\memtest.o
#        C:\Users\b51443\Desktop\FRDM_KL03Z\kl03-frdm-demo\build\iar\PWM\FLASH_32KB\Obj\pmc.o
#        C:\Users\b51443\Desktop\FRDM_KL03Z\kl03-frdm-demo\build\iar\PWM\FLASH_32KB\Obj\printf.o
#        C:\Users\b51443\Desktop\FRDM_KL03Z\kl03-frdm-demo\build\iar\PWM\FLASH_32KB\Obj\PWM.o
#        C:\Users\b51443\Desktop\FRDM_KL03Z\kl03-frdm-demo\build\iar\PWM\FLASH_32KB\Obj\queue.o
#        C:\Users\b51443\Desktop\FRDM_KL03Z\kl03-frdm-demo\build\iar\PWM\FLASH_32KB\Obj\rcm.o
#        C:\Users\b51443\Desktop\FRDM_KL03Z\kl03-frdm-demo\build\iar\PWM\FLASH_32KB\Obj\smc.o
#        C:\Users\b51443\Desktop\FRDM_KL03Z\kl03-frdm-demo\build\iar\PWM\FLASH_32KB\Obj\start.o
#        C:\Users\b51443\Desktop\FRDM_KL03Z\kl03-frdm-demo\build\iar\PWM\FLASH_32KB\Obj\startup.o
#        C:\Users\b51443\Desktop\FRDM_KL03Z\kl03-frdm-demo\build\iar\PWM\FLASH_32KB\Obj\stdlib.o
#        C:\Users\b51443\Desktop\FRDM_KL03Z\kl03-frdm-demo\build\iar\PWM\FLASH_32KB\Obj\sysinit.o
#        C:\Users\b51443\Desktop\FRDM_KL03Z\kl03-frdm-demo\build\iar\PWM\FLASH_32KB\Obj\tpm.o
#        C:\Users\b51443\Desktop\FRDM_KL03Z\kl03-frdm-demo\build\iar\PWM\FLASH_32KB\Obj\uart.o
#        C:\Users\b51443\Desktop\FRDM_KL03Z\kl03-frdm-demo\build\iar\PWM\FLASH_32KB\Obj\uif.o
#        C:\Users\b51443\Desktop\FRDM_KL03Z\kl03-frdm-demo\build\iar\PWM\FLASH_32KB\Obj\vectors.o
#        --redirect _Printf=_PrintfFull --redirect _Scanf=_ScanfFull -o
#        C:\Users\b51443\Desktop\FRDM_KL03Z\kl03-frdm-demo\build\iar\PWM\FLASH_32KB\Exe\PWM_freedom.out
#        --map
#        C:\Users\b51443\Desktop\FRDM_KL03Z\kl03-frdm-demo\build\iar\PWM\FLASH_32KB\List\PWM_freedom.map
#        --config
#        "C:\Users\b51443\Desktop\FRDM_KL03Z\kl03-frdm-demo\build\iar\PWM\..\config
#        files\32KB_Pflash.icf" --semihosting --entry __iar_program_start --vfe
#
###############################################################################

*******************************************************************************
*** RUNTIME MODEL ATTRIBUTES
***

CppFlavor       = *
__SystemLibrary = DLib


*******************************************************************************
*** PLACEMENT SUMMARY
***

"A1":  place at 0x00000000 { ro section .intvec };
"A2":  place at 0x00000410 { ro section .noinit };
"P1":  place in [from 0x00000000 to 0x00008000] { ro, block CodeRelocate };
"P2":  place in [from 0x20000210 to 0x20000600] {
          rw, block CodeRelocateRam, block CSTACK, block HEAP };

  Section          Kind        Address    Size  Object
  -------          ----        -------    ----  ------
"A1":                                    0x410
  .intvec          const    0x00000000   0x410  vectors.o [1]
                          - 0x00000410   0x410

"A2":                                     0x18
  .noinit          ro code  0x00000410    0x18  crt0.o [1]
                          - 0x00000428    0x18

"P1":                                   0x1404
  .text            ro code  0x00000428   0x4b8  printf.o [1]
  .text            ro code  0x000008e0    0xe0  I32DivModFast.o [4]
  .text            ro code  0x000009c0    0x1e  stdlib.o [1]
  .text            ro code  0x000009e0     0x2  IntDivZer.o [4]
  .text            ro code  0x000009e4   0x2d4  start.o [1]
  .text            ro code  0x00000cb8    0x9c  startup.o [1]
  .text            ro code  0x00000d54    0xe0  sysinit.o [1]
  .text            ro code  0x00000e34   0x1bc  rcm.o [1]
  .text            ro code  0x00000ff0    0x18  PWM.o [1]
  .text            ro code  0x00001008    0x4c  mcg_lite.o [1]
  .text            ro code  0x00001054    0x5e  uart.o [1]
  .text            ro code  0x000010b4    0x84  tpm.o [1]
  .rodata          const    0x00001138    0x3c  start.o [1]
  .rodata          const    0x00001174    0x3c  start.o [1]
  .rodata          const    0x000011b0    0x3c  start.o [1]
  .rodata          const    0x000011ec    0x3c  start.o [1]
  .rodata          const    0x00001228    0x3c  start.o [1]
  .rodata          const    0x00001264    0x3c  start.o [1]
  .text            ro code  0x000012a0    0x3c  zero_init3.o [4]
  .rodata          const    0x000012dc    0x34  rcm.o [1]
  .rodata          const    0x00001310    0x30  vectors.o [1]
  .rodata          const    0x00001340    0x2c  start.o [1]
  .rodata          const    0x0000136c    0x2c  start.o [1]
  .rodata          const    0x00001398    0x28  rcm.o [1]
  .rodata          const    0x000013c0    0x28  rcm.o [1]
  .rodata          const    0x000013e8    0x28  start.o [1]
  .text            ro code  0x00001410    0x28  data_init.o [4]
  .rodata          const    0x00001438    0x24  rcm.o [1]
  .rodata          const    0x0000145c    0x24  rcm.o [1]
  .iar.init_table  const    0x00001480    0x10  - Linker created -
  .rodata          const    0x00001490    0x20  rcm.o [1]
  .rodata          const    0x000014b0    0x20  rcm.o [1]
  .rodata          const    0x000014d0    0x20  rcm.o [1]
  .rodata          const    0x000014f0    0x1c  PWM.o [1]
  .rodata          const    0x0000150c    0x1c  rcm.o [1]
  .rodata          const    0x00001528    0x1c  rcm.o [1]
  .rodata          const    0x00001544    0x1c  start.o [1]
  .rodata          const    0x00001560    0x1c  start.o [1]
  .text            ro code  0x0000157c    0x1a  cmain.o [4]
  .text            ro code  0x00001596     0x4  low_level_init.o [3]
  .text            ro code  0x0000159a     0x8  exit.o [3]
  .text            ro code  0x000015a4     0xa  cexit.o [4]
  .text            ro code  0x000015b0    0x14  exit.o [5]
  .rodata          const    0x000015c4    0x18  rcm.o [1]
  .rodata          const    0x000015dc    0x18  rcm.o [1]
  .rodata          const    0x000015f4    0x18  rcm.o [1]
  .rodata          const    0x0000160c    0x18  rcm.o [1]
  .text            ro code  0x00001624    0x18  vectors.o [1]
  .rodata          const    0x0000163c    0x14  rcm.o [1]
  .rodata          const    0x00001650    0x14  rcm.o [1]
  .rodata          const    0x00001664    0x14  start.o [1]
  .rodata          const    0x00001678    0x14  start.o [1]
  .rodata          const    0x0000168c    0x14  start.o [1]
  .rodata          const    0x000016a0    0x14  start.o [1]
  .rodata          const    0x000016b4    0x14  start.o [1]
  .rodata          const    0x000016c8    0x14  start.o [1]
  .rodata          const    0x000016dc    0x14  start.o [1]
  .rodata          const    0x000016f0    0x14  start.o [1]
  .text            ro code  0x00001704    0x14  io.o [1]
  .rodata          const    0x00001718    0x10  rcm.o [1]
  .rodata          const    0x00001728    0x10  rcm.o [1]
  .rodata          const    0x00001738    0x10  rcm.o [1]
  .rodata          const    0x00001748    0x10  start.o [1]
  .rodata          const    0x00001758    0x10  start.o [1]
  .rodata          const    0x00001768    0x10  start.o [1]
  .rodata          const    0x00001778    0x10  start.o [1]
  .rodata          const    0x00001788    0x10  start.o [1]
  .rodata          const    0x00001798    0x10  start.o [1]
  .rodata          const    0x000017a8    0x10  start.o [1]
  .rodata          const    0x000017b8    0x10  start.o [1]
  .rodata          const    0x000017c8    0x10  start.o [1]
  .rodata          const    0x000017d8    0x10  start.o [1]
  .rodata          const    0x000017e8    0x10  start.o [1]
  .text            ro code  0x000017f8     0xc  cstartup_M.o [4]
  .rodata          const    0x00001804     0x8  start.o [1]
  .rodata          const    0x0000180c     0x8  start.o [1]
  .rodata          const    0x00001814     0x8  start.o [1]
  .rodata          const    0x0000181c     0x8  start.o [1]
  .rodata          const    0x00001824     0x8  start.o [1]
  .rodata          const    0x0000182c     0x0  zero_init3.o [4]
  CodeRelocate              0x0000182c     0x0  <Block>
                          - 0x0000182c  0x1404

"P2":                                     0x14
  .bss                      0x20000210    0x14  <Block>
    .bss           zero     0x20000210     0x4  sysinit.o [1]
    .bss           zero     0x20000214     0x4  sysinit.o [1]
    .bss           zero     0x20000218     0x4  sysinit.o [1]
    .bss           zero     0x2000021c     0x4  sysinit.o [1]
    .bss           zero     0x20000220     0x4  sysinit.o [1]
  CodeRelocateRam           0x20000224     0x0  <Block>
                          - 0x20000224    0x14


*******************************************************************************
*** INIT TABLE
***

          Address     Size
          -------     ----
Zero (__iar_zero_init3)
    1 destination range, total size 0x14:
          0x20000210  0x14



*******************************************************************************
*** MODULE SUMMARY
***

    Module            ro code  ro data  rw data
    ------            -------  -------  -------
C:\Users\b51443\Desktop\FRDM_KL03Z\kl03-frdm-demo\build\iar\PWM\FLASH_32KB\Obj: [1]
    PWM.o                  24       28
    crt0.o                 24
    io.o                   20
    mcg_lite.o             76
    printf.o            1 208
    rcm.o                 444      540
    start.o               724      920
    startup.o             156
    stdlib.o               30
    sysinit.o             224                20
    tpm.o                 132
    uart.o                 94
    vectors.o              24    1 088
    -------------------------------------------
    Total:              3 180    2 576       20

command line: [2]
    -------------------------------------------
    Total:

dl6M_tln.a: [3]
    exit.o                  8
    low_level_init.o        4
    -------------------------------------------
    Total:                 12

rt6M_tl.a: [4]
    I32DivModFast.o       224
    IntDivZer.o             2
    cexit.o                10
    cmain.o                26
    cstartup_M.o           12
    data_init.o            40
    zero_init3.o           60
    -------------------------------------------
    Total:                374

shb_l.a: [5]
    exit.o                 20
    -------------------------------------------
    Total:                 20

    Gaps                   10
    Linker created                  16
-----------------------------------------------
    Grand Total:        3 596    2 592       20


*******************************************************************************
*** ENTRY LIST
***

Entry                      Address   Size  Type      Object
-----                      -------   ----  ----      ------
.bss$$Base              0x20000210          --   Gb  - Linker created -
.bss$$Limit             0x20000224          --   Gb  - Linker created -
.data$$Base             0x00000000          --   Gb  - Linker created -
.data_init$$Base        0x00000000          --   Gb  - Linker created -
.data_init$$Limit       0x00000000          --   Gb  - Linker created -
.iar.init_table$$Base   0x00001480          --   Gb  - Linker created -
.iar.init_table$$Limit  0x00001490          --   Gb  - Linker created -
?main                   0x0000157d         Code  Gb  cmain.o [4]
CodeRelocate$$Base      0x0000182c          --   Gb  - Linker created -
CodeRelocate$$Limit     0x0000182c          --   Gb  - Linker created -
CodeRelocateRam$$Base   0x20000224          --   Gb  - Linker created -
CodeRelocateRam$$Limit  0x20000224          --   Gb  - Linker created -
MCG_HIRC48              0x00001009   0x4c  Code  Gb  mcg_lite.o [1]
Region$$Table$$Base     0x00001480          --   Gb  - Linker created -
Region$$Table$$Limit    0x00001490          --   Gb  - Linker created -
TPM0_Init               0x000010cb   0x46  Code  Gb  tpm.o [1]
TPM_PORT_Init           0x000010b5   0x16  Code  Gb  tpm.o [1]
__BOOT_STACK_ADDRESS {Abs}
                        0x200005f8          --   Gb  command line/config [2]
__VECTOR_RAM {Abs}      0x1ffffe00          --   Gb  command line/config [2]
__VECTOR_TABLE {Abs}    0x00000000          --   Gb  command line/config [2]
__aeabi_idiv            0x0000090d         Code  Gb  I32DivModFast.o [4]
__aeabi_idiv0           0x000009e1         Code  Gb  IntDivZer.o [4]
__aeabi_idivmod         0x0000090d         Code  Gb  I32DivModFast.o [4]
__aeabi_uidiv           0x00000913         Code  Gb  I32DivModFast.o [4]
__aeabi_uidivmod        0x00000913         Code  Gb  I32DivModFast.o [4]
__cmain                 0x0000157d         Code  Gb  cmain.o [4]
__exit                  0x000015b1   0x14  Code  Gb  exit.o [5]
__iar_data_init3        0x00001411   0x28  Code  Gb  data_init.o [4]
__iar_program_start     0x000017f9         Code  Gb  cstartup_M.o [4]
__iar_zero_init3        0x000012a1   0x3c  Code  Gb  zero_init3.o [4]
__low_level_init        0x00001597    0x4  Code  Gb  low_level_init.o [3]
__startup               0x00000411         Code  Gb  crt0.o [1]
__vector_table          0x00000000  0x410  Data  Gb  vectors.o [1]
_call_main              0x00001589         Code  Gb  cmain.o [4]
_exit                   0x000015a5         Code  Gb  cexit.o [4]
_main                   0x00001593         Code  Gb  cmain.o [4]
common_startup          0x00000cb9   0x9c  Code  Gb  startup.o [1]
core_clk_khz            0x20000218    0x4  Data  Gb  sysinit.o [1]
cpu_identify            0x00000a03  0x204  Code  Gb  start.o [1]
default_isr             0x00001625   0x10  Code  Gb  vectors.o [1]
exit                    0x0000159b    0x8  Code  Gb  exit.o [3]
main                    0x00000ff1   0x18  Code  Gb  PWM.o [1]
mcg_clk_hz              0x20000210    0x4  Data  Gb  sysinit.o [1]
mcg_clk_khz             0x20000214    0x4  Data  Gb  sysinit.o [1]
outSRS                  0x00000e35  0x1bc  Code  Gb  rcm.o [1]
out_char                0x00001705    0xe  Code  Gb  io.o [1]
periph_clk_khz          0x2000021c    0x4  Data  Gb  sysinit.o [1]
printf                  0x000008bd   0x1e  Code  Gb  printf.o [1]
printk                  0x0000050f  0x3ae  Code  Gb  printf.o [1]
printk_mknumstr         0x00000455   0x7e  Code  Lc  printf.o [1]
printk_pad_space        0x000004f1   0x1e  Code  Lc  printf.o [1]
printk_pad_zero         0x000004d3   0x1e  Code  Lc  printf.o [1]
printk_putc             0x00000429   0x2c  Code  Lc  printf.o [1]
start                   0x000009e5   0x1e  Code  Gb  start.o [1]
strlen                  0x000009c1   0x1e  Code  Gb  stdlib.o [1]
sysinit                 0x00000d55   0xe0  Code  Gb  sysinit.o [1]
uart0_clk_khz           0x20000220    0x4  Data  Gb  sysinit.o [1]
uart0_init              0x00001055   0x4c  Code  Gb  uart.o [1]
uart0_putchar           0x000010a5    0xe  Code  Gb  uart.o [1]


[1] = C:\Users\b51443\Desktop\FRDM_KL03Z\kl03-frdm-demo\build\iar\PWM\FLASH_32KB\Obj
[2] = command line
[3] = dl6M_tln.a
[4] = rt6M_tl.a
[5] = shb_l.a

  3 596 bytes of readonly  code memory
  2 592 bytes of readonly  data memory
     20 bytes of readwrite data memory

Errors: none
Warnings: none
