<html>
<body>
<pre>
<h1>µVision Build Log</h1>
<h2>Tool Versions:</h2>
IDE-Version: µVision V5.15
Copyright (C) 2015 ARM Ltd and ARM Germany GmbH. All rights reserved.
License Information: Wenxue Wang, FSL, LIC=DSN05-0UP2J-64NF8-LP65P-0CQLW-6DJ2R
 
Tool Versions:
Toolchain:       MDK-ARM Professional  Version: 5.15.0
Toolchain Path:  C:\Freescale\Keil_v5\ARM\ARMCC\Bin
C Compiler:      Armcc.exe V5.05 update 2 (build 169)
Assembler:       Armasm.exe V5.05 update 2 (build 169)
Linker/Locator:  ArmLink.exe V5.05 update 2 (build 169)
Library Manager: ArmAr.exe V5.05 update 2 (build 169)
Hex Converter:   FromElf.exe V5.05 update 2 (build 169)
CPU DLL:         SARMCM3.DLL V5.15.0
Dialog DLL:      DARMCM1.DLL V1.12.0.0
Target DLL:      PEMicro\Pemicro_ArmCortexInterface.dll V1.11
Dialog DLL:      TARMCM1.DLL V1.9.0.0
 
<h2>Project:</h2>
C:\Users\b51443\Desktop\FRDM_KL03Z\kl03-frdm-demo\build\keil\platinum\platinum.uvprojx
Project File Date:  02/22/2016

<h2>Output:</h2>
*** Using Compiler 'V5.05 update 2 (build 169)', folder: 'C:\Freescale\Keil_v5\ARM\ARMCC\Bin'
Build target 'KL02Z32-Flash'
compiling platinum.c...
..\..\..\src\projects\platinum\platinum.c(22): warning:  #1-D: last line of file ends without a newline
  /********************************************************************/
..\..\..\src\projects\platinum\platinum.c: 1 warning, 0 errors
linking...
Program Size: Code=4252 RO-data=224 RW-data=24 ZI-data=256  
After Build - User command #1: fromelf --m32combined --output=outfile.s19  platinum_Flash.axf
".\platinum_Flash.axf" - 0 Error(s), 1 Warning(s).

<h2>Collection of Component include folders:</h2>
  C:\Users\b51443\Desktop\FRDM_KL03Z\kl03-frdm-demo\build\keil\platinum\RTE
  C:\Freescale\Keil_v5\ARM\PACK\Keil\Kinetis_KLxx_DFP\1.6.0\Device\Include

<h2>Collection of Component Files used:</h2>
</pre>
</body>
</html>
