<!doctype html public "-//w3c//dtd html 4.0 transitional//en">
<html><head>
<title>Static Call Graph - [.\platinum_Flash.axf]</title></head>
<body><HR>
<H1>Static Call Graph for image .\platinum_Flash.axf</H1><HR>
<BR><P>#&#060CALLGRAPH&#062# ARM Linker, 5050169: Last Updated: Mon Feb 22 16:22:10 2016
<BR><P>
<H3>Maximum Stack Usage =         68 bytes + Unknown(Cycles, Untraceable Function Pointers)</H3><H3>
Call chain for Maximum Stack Depth:</H3>
SystemInit &rArr; start &rArr; sysinit &rArr; uart0_init &rArr; __aeabi_idivmod &rArr; __aeabi_uidivmod
<P>
<H3>
Mutually Recursive functions
</H3> <LI><a href="#[31]">uart0_putchar</a>&nbsp;&nbsp;&nbsp;&rArr;&nbsp;&nbsp;&nbsp;<a href="#[31]">uart0_putchar</a><BR>
 <LI><a href="#[30]">uart0_getchar</a>&nbsp;&nbsp;&nbsp;&rArr;&nbsp;&nbsp;&nbsp;<a href="#[30]">uart0_getchar</a><BR>
 <LI><a href="#[1]">NMI_Handler</a>&nbsp;&nbsp;&nbsp;&rArr;&nbsp;&nbsp;&nbsp;<a href="#[1]">NMI_Handler</a><BR>
 <LI><a href="#[2]">HardFault_Handler</a>&nbsp;&nbsp;&nbsp;&rArr;&nbsp;&nbsp;&nbsp;<a href="#[2]">HardFault_Handler</a><BR>
 <LI><a href="#[3]">SVC_Handler</a>&nbsp;&nbsp;&nbsp;&rArr;&nbsp;&nbsp;&nbsp;<a href="#[3]">SVC_Handler</a><BR>
 <LI><a href="#[4]">PendSV_Handler</a>&nbsp;&nbsp;&nbsp;&rArr;&nbsp;&nbsp;&nbsp;<a href="#[4]">PendSV_Handler</a><BR>
 <LI><a href="#[5]">SysTick_Handler</a>&nbsp;&nbsp;&nbsp;&rArr;&nbsp;&nbsp;&nbsp;<a href="#[5]">SysTick_Handler</a><BR>
 <LI><a href="#[15]">ADC0_IRQHandler</a>&nbsp;&nbsp;&nbsp;&rArr;&nbsp;&nbsp;&nbsp;<a href="#[15]">ADC0_IRQHandler</a><BR>
</UL>
<P>
<H3>
Function Pointers
</H3><UL>
 <LI><a href="#[15]">ADC0_IRQHandler</a> from startup_mkl03z4.o(.text) referenced from startup_mkl03z4.o(RESET)
 <LI><a href="#[16]">CMP0_IRQHandler</a> from startup_mkl03z4.o(.text) referenced from startup_mkl03z4.o(RESET)
 <LI><a href="#[b]">FTFA_IRQHandler</a> from startup_mkl03z4.o(.text) referenced from startup_mkl03z4.o(RESET)
 <LI><a href="#[2]">HardFault_Handler</a> from startup_mkl03z4.o(.text) referenced from startup_mkl03z4.o(RESET)
 <LI><a href="#[e]">I2C0_IRQHandler</a> from startup_mkl03z4.o(.text) referenced from startup_mkl03z4.o(RESET)
 <LI><a href="#[d]">LLWU_IRQHandler</a> from startup_mkl03z4.o(.text) referenced from startup_mkl03z4.o(RESET)
 <LI><a href="#[22]">LPTMR0_IRQHandler</a> from startup_mkl03z4.o(.text) referenced from startup_mkl03z4.o(RESET)
 <LI><a href="#[12]">LPUART0_IRQHandler</a> from startup_mkl03z4.o(.text) referenced from startup_mkl03z4.o(RESET)
 <LI><a href="#[1]">NMI_Handler</a> from startup_mkl03z4.o(.text) referenced from startup_mkl03z4.o(RESET)
 <LI><a href="#[c]">PMC_IRQHandler</a> from startup_mkl03z4.o(.text) referenced from startup_mkl03z4.o(RESET)
 <LI><a href="#[24]">PORTA_IRQHandler</a> from startup_mkl03z4.o(.text) referenced from startup_mkl03z4.o(RESET)
 <LI><a href="#[25]">PORTB_IRQHandler</a> from startup_mkl03z4.o(.text) referenced from startup_mkl03z4.o(RESET)
 <LI><a href="#[4]">PendSV_Handler</a> from startup_mkl03z4.o(.text) referenced from startup_mkl03z4.o(RESET)
 <LI><a href="#[1a]">RTC_IRQHandler</a> from startup_mkl03z4.o(.text) referenced from startup_mkl03z4.o(RESET)
 <LI><a href="#[1b]">RTC_Seconds_IRQHandler</a> from startup_mkl03z4.o(.text) referenced from startup_mkl03z4.o(RESET)
 <LI><a href="#[6]">Reserved16_IRQHandler</a> from startup_mkl03z4.o(.text) referenced from startup_mkl03z4.o(RESET)
 <LI><a href="#[7]">Reserved17_IRQHandler</a> from startup_mkl03z4.o(.text) referenced from startup_mkl03z4.o(RESET)
 <LI><a href="#[8]">Reserved18_IRQHandler</a> from startup_mkl03z4.o(.text) referenced from startup_mkl03z4.o(RESET)
 <LI><a href="#[9]">Reserved19_IRQHandler</a> from startup_mkl03z4.o(.text) referenced from startup_mkl03z4.o(RESET)
 <LI><a href="#[a]">Reserved20_IRQHandler</a> from startup_mkl03z4.o(.text) referenced from startup_mkl03z4.o(RESET)
 <LI><a href="#[f]">Reserved25_IRQHandler</a> from startup_mkl03z4.o(.text) referenced from startup_mkl03z4.o(RESET)
 <LI><a href="#[11]">Reserved27_IRQHandler</a> from startup_mkl03z4.o(.text) referenced from startup_mkl03z4.o(RESET)
 <LI><a href="#[13]">Reserved29_IRQHandler</a> from startup_mkl03z4.o(.text) referenced from startup_mkl03z4.o(RESET)
 <LI><a href="#[14]">Reserved30_IRQHandler</a> from startup_mkl03z4.o(.text) referenced from startup_mkl03z4.o(RESET)
 <LI><a href="#[19]">Reserved35_IRQHandler</a> from startup_mkl03z4.o(.text) referenced from startup_mkl03z4.o(RESET)
 <LI><a href="#[1c]">Reserved38_IRQHandler</a> from startup_mkl03z4.o(.text) referenced from startup_mkl03z4.o(RESET)
 <LI><a href="#[1d]">Reserved39_IRQHandler</a> from startup_mkl03z4.o(.text) referenced from startup_mkl03z4.o(RESET)
 <LI><a href="#[1e]">Reserved40_IRQHandler</a> from startup_mkl03z4.o(.text) referenced from startup_mkl03z4.o(RESET)
 <LI><a href="#[1f]">Reserved41_IRQHandler</a> from startup_mkl03z4.o(.text) referenced from startup_mkl03z4.o(RESET)
 <LI><a href="#[20]">Reserved42_IRQHandler</a> from startup_mkl03z4.o(.text) referenced from startup_mkl03z4.o(RESET)
 <LI><a href="#[21]">Reserved43_IRQHandler</a> from startup_mkl03z4.o(.text) referenced from startup_mkl03z4.o(RESET)
 <LI><a href="#[23]">Reserved45_IRQHandler</a> from startup_mkl03z4.o(.text) referenced from startup_mkl03z4.o(RESET)
 <LI><a href="#[0]">Reset_Handler</a> from startup_mkl03z4.o(.text) referenced from startup_mkl03z4.o(RESET)
 <LI><a href="#[10]">SPI0_IRQHandler</a> from startup_mkl03z4.o(.text) referenced from startup_mkl03z4.o(RESET)
 <LI><a href="#[3]">SVC_Handler</a> from startup_mkl03z4.o(.text) referenced from startup_mkl03z4.o(RESET)
 <LI><a href="#[5]">SysTick_Handler</a> from startup_mkl03z4.o(.text) referenced from startup_mkl03z4.o(RESET)
 <LI><a href="#[27]">SystemInit</a> from start.o(.text) referenced from startup_mkl03z4.o(.text)
 <LI><a href="#[17]">TPM0_IRQHandler</a> from startup_mkl03z4.o(.text) referenced from startup_mkl03z4.o(RESET)
 <LI><a href="#[18]">TPM1_IRQHandler</a> from startup_mkl03z4.o(.text) referenced from startup_mkl03z4.o(RESET)
 <LI><a href="#[29]">__main</a> from entry.o(.ARM.Collect$$$$00000000) referenced from startup_mkl03z4.o(.text)
 <LI><a href="#[2a]">fputc</a> from retarget.o(.text) referenced from printf8.o(i.__0printf$8)
 <LI><a href="#[28]">init_data_bss</a> from startup_mkl03z4.o(.text) referenced from startup_mkl03z4.o(.text)
 <LI><a href="#[26]">main</a> from platinum.o(.text) referenced from entry9a.o(.ARM.Collect$$$$0000000B)
</UL>
<P>
<H3>
Global Symbols
</H3>
<P><STRONG><a name="[29]"></a>__main</STRONG> (Thumb, 0 bytes, Stack size unknown bytes, entry.o(.ARM.Collect$$$$00000000))
<BR>[Address Reference Count : 1]<UL><LI> startup_mkl03z4.o(.text)
</UL>
<P><STRONG><a name="[4a]"></a>_main_stk</STRONG> (Thumb, 0 bytes, Stack size unknown bytes, entry2.o(.ARM.Collect$$$$00000001))

<P><STRONG><a name="[2b]"></a>_main_scatterload</STRONG> (Thumb, 0 bytes, Stack size unknown bytes, entry5.o(.ARM.Collect$$$$00000004))
<BR><BR>[Calls]<UL><LI><a href="#[2c]">&gt;&gt;</a>&nbsp;&nbsp;&nbsp;__scatterload
</UL>

<P><STRONG><a name="[41]"></a>__main_after_scatterload</STRONG> (Thumb, 0 bytes, Stack size unknown bytes, entry5.o(.ARM.Collect$$$$00000004))
<BR><BR>[Called By]<UL><LI><a href="#[2c]">&gt;&gt;</a>&nbsp;&nbsp;&nbsp;__scatterload
</UL>

<P><STRONG><a name="[4b]"></a>_main_clock</STRONG> (Thumb, 0 bytes, Stack size unknown bytes, entry7b.o(.ARM.Collect$$$$00000008))

<P><STRONG><a name="[4c]"></a>_main_cpp_init</STRONG> (Thumb, 0 bytes, Stack size unknown bytes, entry8b.o(.ARM.Collect$$$$0000000A))

<P><STRONG><a name="[4d]"></a>_main_init</STRONG> (Thumb, 0 bytes, Stack size unknown bytes, entry9a.o(.ARM.Collect$$$$0000000B))

<P><STRONG><a name="[4e]"></a>__rt_final_cpp</STRONG> (Thumb, 0 bytes, Stack size unknown bytes, entry10a.o(.ARM.Collect$$$$0000000D))

<P><STRONG><a name="[4f]"></a>__rt_final_exit</STRONG> (Thumb, 0 bytes, Stack size unknown bytes, entry11a.o(.ARM.Collect$$$$0000000F))

<P><STRONG><a name="[26]"></a>main</STRONG> (Thumb, 16 bytes, Stack size 0 bytes, platinum.o(.text))
<BR><BR>[Stack]<UL><LI>Max Depth = 24<LI>Call Chain = main &rArr; __2printf
</UL>
<BR>[Calls]<UL><LI><a href="#[2f]">&gt;&gt;</a>&nbsp;&nbsp;&nbsp;out_char
<LI><a href="#[2e]">&gt;&gt;</a>&nbsp;&nbsp;&nbsp;in_char
<LI><a href="#[2d]">&gt;&gt;</a>&nbsp;&nbsp;&nbsp;__2printf
</UL>
<BR>[Address Reference Count : 1]<UL><LI> entry9a.o(.ARM.Collect$$$$0000000B)
</UL>
<P><STRONG><a name="[28]"></a>init_data_bss</STRONG> (Thumb, 2 bytes, Stack size 0 bytes, startup_mkl03z4.o(.text))
<BR>[Address Reference Count : 1]<UL><LI> startup_mkl03z4.o(.text)
</UL>
<P><STRONG><a name="[0]"></a>Reset_Handler</STRONG> (Thumb, 12 bytes, Stack size 0 bytes, startup_mkl03z4.o(.text))
<BR>[Address Reference Count : 1]<UL><LI> startup_mkl03z4.o(RESET)
</UL>
<P><STRONG><a name="[1]"></a>NMI_Handler</STRONG> (Thumb, 2 bytes, Stack size 0 bytes, startup_mkl03z4.o(.text))
<BR><BR>[Calls]<UL><LI><a href="#[1]">&gt;&gt;</a>&nbsp;&nbsp;&nbsp;NMI_Handler
</UL>
<BR>[Called By]<UL><LI><a href="#[1]">&gt;&gt;</a>&nbsp;&nbsp;&nbsp;NMI_Handler
</UL>
<BR>[Address Reference Count : 1]<UL><LI> startup_mkl03z4.o(RESET)
</UL>
<P><STRONG><a name="[2]"></a>HardFault_Handler</STRONG> (Thumb, 2 bytes, Stack size 0 bytes, startup_mkl03z4.o(.text))
<BR><BR>[Calls]<UL><LI><a href="#[2]">&gt;&gt;</a>&nbsp;&nbsp;&nbsp;HardFault_Handler
</UL>
<BR>[Called By]<UL><LI><a href="#[2]">&gt;&gt;</a>&nbsp;&nbsp;&nbsp;HardFault_Handler
</UL>
<BR>[Address Reference Count : 1]<UL><LI> startup_mkl03z4.o(RESET)
</UL>
<P><STRONG><a name="[3]"></a>SVC_Handler</STRONG> (Thumb, 2 bytes, Stack size 0 bytes, startup_mkl03z4.o(.text))
<BR><BR>[Calls]<UL><LI><a href="#[3]">&gt;&gt;</a>&nbsp;&nbsp;&nbsp;SVC_Handler
</UL>
<BR>[Called By]<UL><LI><a href="#[3]">&gt;&gt;</a>&nbsp;&nbsp;&nbsp;SVC_Handler
</UL>
<BR>[Address Reference Count : 1]<UL><LI> startup_mkl03z4.o(RESET)
</UL>
<P><STRONG><a name="[4]"></a>PendSV_Handler</STRONG> (Thumb, 2 bytes, Stack size 0 bytes, startup_mkl03z4.o(.text))
<BR><BR>[Calls]<UL><LI><a href="#[4]">&gt;&gt;</a>&nbsp;&nbsp;&nbsp;PendSV_Handler
</UL>
<BR>[Called By]<UL><LI><a href="#[4]">&gt;&gt;</a>&nbsp;&nbsp;&nbsp;PendSV_Handler
</UL>
<BR>[Address Reference Count : 1]<UL><LI> startup_mkl03z4.o(RESET)
</UL>
<P><STRONG><a name="[5]"></a>SysTick_Handler</STRONG> (Thumb, 2 bytes, Stack size 0 bytes, startup_mkl03z4.o(.text))
<BR><BR>[Calls]<UL><LI><a href="#[5]">&gt;&gt;</a>&nbsp;&nbsp;&nbsp;SysTick_Handler
</UL>
<BR>[Called By]<UL><LI><a href="#[5]">&gt;&gt;</a>&nbsp;&nbsp;&nbsp;SysTick_Handler
</UL>
<BR>[Address Reference Count : 1]<UL><LI> startup_mkl03z4.o(RESET)
</UL>
<P><STRONG><a name="[15]"></a>ADC0_IRQHandler</STRONG> (Thumb, 0 bytes, Stack size 0 bytes, startup_mkl03z4.o(.text))
<BR><BR>[Calls]<UL><LI><a href="#[15]">&gt;&gt;</a>&nbsp;&nbsp;&nbsp;ADC0_IRQHandler
</UL>
<BR>[Called By]<UL><LI><a href="#[15]">&gt;&gt;</a>&nbsp;&nbsp;&nbsp;ADC0_IRQHandler
</UL>
<BR>[Address Reference Count : 1]<UL><LI> startup_mkl03z4.o(RESET)
</UL>
<P><STRONG><a name="[16]"></a>CMP0_IRQHandler</STRONG> (Thumb, 0 bytes, Stack size 0 bytes, startup_mkl03z4.o(.text))
<BR>[Address Reference Count : 1]<UL><LI> startup_mkl03z4.o(RESET)
</UL>
<P><STRONG><a name="[50]"></a>DefaultISR</STRONG> (Thumb, 0 bytes, Stack size 0 bytes, startup_mkl03z4.o(.text), UNUSED)

<P><STRONG><a name="[b]"></a>FTFA_IRQHandler</STRONG> (Thumb, 0 bytes, Stack size 0 bytes, startup_mkl03z4.o(.text))
<BR>[Address Reference Count : 1]<UL><LI> startup_mkl03z4.o(RESET)
</UL>
<P><STRONG><a name="[e]"></a>I2C0_IRQHandler</STRONG> (Thumb, 0 bytes, Stack size 0 bytes, startup_mkl03z4.o(.text))
<BR>[Address Reference Count : 1]<UL><LI> startup_mkl03z4.o(RESET)
</UL>
<P><STRONG><a name="[d]"></a>LLWU_IRQHandler</STRONG> (Thumb, 0 bytes, Stack size 0 bytes, startup_mkl03z4.o(.text))
<BR>[Address Reference Count : 1]<UL><LI> startup_mkl03z4.o(RESET)
</UL>
<P><STRONG><a name="[22]"></a>LPTMR0_IRQHandler</STRONG> (Thumb, 0 bytes, Stack size 0 bytes, startup_mkl03z4.o(.text))
<BR>[Address Reference Count : 1]<UL><LI> startup_mkl03z4.o(RESET)
</UL>
<P><STRONG><a name="[12]"></a>LPUART0_IRQHandler</STRONG> (Thumb, 0 bytes, Stack size 0 bytes, startup_mkl03z4.o(.text))
<BR>[Address Reference Count : 1]<UL><LI> startup_mkl03z4.o(RESET)
</UL>
<P><STRONG><a name="[c]"></a>PMC_IRQHandler</STRONG> (Thumb, 0 bytes, Stack size 0 bytes, startup_mkl03z4.o(.text))
<BR>[Address Reference Count : 1]<UL><LI> startup_mkl03z4.o(RESET)
</UL>
<P><STRONG><a name="[24]"></a>PORTA_IRQHandler</STRONG> (Thumb, 0 bytes, Stack size 0 bytes, startup_mkl03z4.o(.text))
<BR>[Address Reference Count : 1]<UL><LI> startup_mkl03z4.o(RESET)
</UL>
<P><STRONG><a name="[25]"></a>PORTB_IRQHandler</STRONG> (Thumb, 0 bytes, Stack size 0 bytes, startup_mkl03z4.o(.text))
<BR>[Address Reference Count : 1]<UL><LI> startup_mkl03z4.o(RESET)
</UL>
<P><STRONG><a name="[1a]"></a>RTC_IRQHandler</STRONG> (Thumb, 0 bytes, Stack size 0 bytes, startup_mkl03z4.o(.text))
<BR>[Address Reference Count : 1]<UL><LI> startup_mkl03z4.o(RESET)
</UL>
<P><STRONG><a name="[1b]"></a>RTC_Seconds_IRQHandler</STRONG> (Thumb, 0 bytes, Stack size 0 bytes, startup_mkl03z4.o(.text))
<BR>[Address Reference Count : 1]<UL><LI> startup_mkl03z4.o(RESET)
</UL>
<P><STRONG><a name="[6]"></a>Reserved16_IRQHandler</STRONG> (Thumb, 0 bytes, Stack size 0 bytes, startup_mkl03z4.o(.text))
<BR>[Address Reference Count : 1]<UL><LI> startup_mkl03z4.o(RESET)
</UL>
<P><STRONG><a name="[7]"></a>Reserved17_IRQHandler</STRONG> (Thumb, 0 bytes, Stack size 0 bytes, startup_mkl03z4.o(.text))
<BR>[Address Reference Count : 1]<UL><LI> startup_mkl03z4.o(RESET)
</UL>
<P><STRONG><a name="[8]"></a>Reserved18_IRQHandler</STRONG> (Thumb, 0 bytes, Stack size 0 bytes, startup_mkl03z4.o(.text))
<BR>[Address Reference Count : 1]<UL><LI> startup_mkl03z4.o(RESET)
</UL>
<P><STRONG><a name="[9]"></a>Reserved19_IRQHandler</STRONG> (Thumb, 0 bytes, Stack size 0 bytes, startup_mkl03z4.o(.text))
<BR>[Address Reference Count : 1]<UL><LI> startup_mkl03z4.o(RESET)
</UL>
<P><STRONG><a name="[a]"></a>Reserved20_IRQHandler</STRONG> (Thumb, 0 bytes, Stack size 0 bytes, startup_mkl03z4.o(.text))
<BR>[Address Reference Count : 1]<UL><LI> startup_mkl03z4.o(RESET)
</UL>
<P><STRONG><a name="[f]"></a>Reserved25_IRQHandler</STRONG> (Thumb, 0 bytes, Stack size 0 bytes, startup_mkl03z4.o(.text))
<BR>[Address Reference Count : 1]<UL><LI> startup_mkl03z4.o(RESET)
</UL>
<P><STRONG><a name="[11]"></a>Reserved27_IRQHandler</STRONG> (Thumb, 0 bytes, Stack size 0 bytes, startup_mkl03z4.o(.text))
<BR>[Address Reference Count : 1]<UL><LI> startup_mkl03z4.o(RESET)
</UL>
<P><STRONG><a name="[13]"></a>Reserved29_IRQHandler</STRONG> (Thumb, 0 bytes, Stack size 0 bytes, startup_mkl03z4.o(.text))
<BR>[Address Reference Count : 1]<UL><LI> startup_mkl03z4.o(RESET)
</UL>
<P><STRONG><a name="[14]"></a>Reserved30_IRQHandler</STRONG> (Thumb, 0 bytes, Stack size 0 bytes, startup_mkl03z4.o(.text))
<BR>[Address Reference Count : 1]<UL><LI> startup_mkl03z4.o(RESET)
</UL>
<P><STRONG><a name="[19]"></a>Reserved35_IRQHandler</STRONG> (Thumb, 0 bytes, Stack size 0 bytes, startup_mkl03z4.o(.text))
<BR>[Address Reference Count : 1]<UL><LI> startup_mkl03z4.o(RESET)
</UL>
<P><STRONG><a name="[1c]"></a>Reserved38_IRQHandler</STRONG> (Thumb, 0 bytes, Stack size 0 bytes, startup_mkl03z4.o(.text))
<BR>[Address Reference Count : 1]<UL><LI> startup_mkl03z4.o(RESET)
</UL>
<P><STRONG><a name="[1d]"></a>Reserved39_IRQHandler</STRONG> (Thumb, 0 bytes, Stack size 0 bytes, startup_mkl03z4.o(.text))
<BR>[Address Reference Count : 1]<UL><LI> startup_mkl03z4.o(RESET)
</UL>
<P><STRONG><a name="[1e]"></a>Reserved40_IRQHandler</STRONG> (Thumb, 0 bytes, Stack size 0 bytes, startup_mkl03z4.o(.text))
<BR>[Address Reference Count : 1]<UL><LI> startup_mkl03z4.o(RESET)
</UL>
<P><STRONG><a name="[1f]"></a>Reserved41_IRQHandler</STRONG> (Thumb, 0 bytes, Stack size 0 bytes, startup_mkl03z4.o(.text))
<BR>[Address Reference Count : 1]<UL><LI> startup_mkl03z4.o(RESET)
</UL>
<P><STRONG><a name="[20]"></a>Reserved42_IRQHandler</STRONG> (Thumb, 0 bytes, Stack size 0 bytes, startup_mkl03z4.o(.text))
<BR>[Address Reference Count : 1]<UL><LI> startup_mkl03z4.o(RESET)
</UL>
<P><STRONG><a name="[21]"></a>Reserved43_IRQHandler</STRONG> (Thumb, 0 bytes, Stack size 0 bytes, startup_mkl03z4.o(.text))
<BR>[Address Reference Count : 1]<UL><LI> startup_mkl03z4.o(RESET)
</UL>
<P><STRONG><a name="[23]"></a>Reserved45_IRQHandler</STRONG> (Thumb, 0 bytes, Stack size 0 bytes, startup_mkl03z4.o(.text))
<BR>[Address Reference Count : 1]<UL><LI> startup_mkl03z4.o(RESET)
</UL>
<P><STRONG><a name="[10]"></a>SPI0_IRQHandler</STRONG> (Thumb, 0 bytes, Stack size 0 bytes, startup_mkl03z4.o(.text))
<BR>[Address Reference Count : 1]<UL><LI> startup_mkl03z4.o(RESET)
</UL>
<P><STRONG><a name="[17]"></a>TPM0_IRQHandler</STRONG> (Thumb, 0 bytes, Stack size 0 bytes, startup_mkl03z4.o(.text))
<BR>[Address Reference Count : 1]<UL><LI> startup_mkl03z4.o(RESET)
</UL>
<P><STRONG><a name="[18]"></a>TPM1_IRQHandler</STRONG> (Thumb, 0 bytes, Stack size 0 bytes, startup_mkl03z4.o(.text))
<BR>[Address Reference Count : 1]<UL><LI> startup_mkl03z4.o(RESET)
</UL>
<P><STRONG><a name="[2e]"></a>in_char</STRONG> (Thumb, 10 bytes, Stack size 8 bytes, io.o(.text))
<BR><BR>[Stack]<UL><LI>Max Depth = 8<LI>Call Chain = in_char
</UL>
<BR>[Calls]<UL><LI><a href="#[30]">&gt;&gt;</a>&nbsp;&nbsp;&nbsp;uart0_getchar
</UL>
<BR>[Called By]<UL><LI><a href="#[26]">&gt;&gt;</a>&nbsp;&nbsp;&nbsp;main
</UL>

<P><STRONG><a name="[2f]"></a>out_char</STRONG> (Thumb, 12 bytes, Stack size 8 bytes, io.o(.text))
<BR><BR>[Stack]<UL><LI>Max Depth = 8<LI>Call Chain = out_char
</UL>
<BR>[Calls]<UL><LI><a href="#[31]">&gt;&gt;</a>&nbsp;&nbsp;&nbsp;uart0_putchar
</UL>
<BR>[Called By]<UL><LI><a href="#[26]">&gt;&gt;</a>&nbsp;&nbsp;&nbsp;main
</UL>

<P><STRONG><a name="[32]"></a>char_present</STRONG> (Thumb, 10 bytes, Stack size 8 bytes, io.o(.text), UNUSED)
<BR><BR>[Calls]<UL><LI><a href="#[33]">&gt;&gt;</a>&nbsp;&nbsp;&nbsp;uart0_getchar_present
</UL>

<P><STRONG><a name="[34]"></a>sysinit</STRONG> (Thumb, 124 bytes, Stack size 16 bytes, sysinit.o(.text))
<BR><BR>[Stack]<UL><LI>Max Depth = 60<LI>Call Chain = sysinit &rArr; uart0_init &rArr; __aeabi_idivmod &rArr; __aeabi_uidivmod
</UL>
<BR>[Calls]<UL><LI><a href="#[36]">&gt;&gt;</a>&nbsp;&nbsp;&nbsp;__aeabi_idivmod
<LI><a href="#[37]">&gt;&gt;</a>&nbsp;&nbsp;&nbsp;__aeabi_uidivmod
<LI><a href="#[38]">&gt;&gt;</a>&nbsp;&nbsp;&nbsp;uart0_init
<LI><a href="#[35]">&gt;&gt;</a>&nbsp;&nbsp;&nbsp;MCG_HIRC48
</UL>
<BR>[Called By]<UL><LI><a href="#[44]">&gt;&gt;</a>&nbsp;&nbsp;&nbsp;start
</UL>

<P><STRONG><a name="[38]"></a>uart0_init</STRONG> (Thumb, 70 bytes, Stack size 16 bytes, uart.o(.text))
<BR><BR>[Stack]<UL><LI>Max Depth = 44<LI>Call Chain = uart0_init &rArr; __aeabi_idivmod &rArr; __aeabi_uidivmod
</UL>
<BR>[Calls]<UL><LI><a href="#[36]">&gt;&gt;</a>&nbsp;&nbsp;&nbsp;__aeabi_idivmod
</UL>
<BR>[Called By]<UL><LI><a href="#[34]">&gt;&gt;</a>&nbsp;&nbsp;&nbsp;sysinit
</UL>

<P><STRONG><a name="[30]"></a>uart0_getchar</STRONG> (Thumb, 12 bytes, Stack size 0 bytes, uart.o(.text))
<BR><BR>[Calls]<UL><LI><a href="#[30]">&gt;&gt;</a>&nbsp;&nbsp;&nbsp;uart0_getchar
</UL>
<BR>[Called By]<UL><LI><a href="#[3b]">&gt;&gt;</a>&nbsp;&nbsp;&nbsp;SER_GetChar
<LI><a href="#[30]">&gt;&gt;</a>&nbsp;&nbsp;&nbsp;uart0_getchar
<LI><a href="#[2e]">&gt;&gt;</a>&nbsp;&nbsp;&nbsp;in_char
</UL>

<P><STRONG><a name="[31]"></a>uart0_putchar</STRONG> (Thumb, 10 bytes, Stack size 0 bytes, uart.o(.text))
<BR><BR>[Calls]<UL><LI><a href="#[31]">&gt;&gt;</a>&nbsp;&nbsp;&nbsp;uart0_putchar
</UL>
<BR>[Called By]<UL><LI><a href="#[39]">&gt;&gt;</a>&nbsp;&nbsp;&nbsp;SER_PutChar
<LI><a href="#[31]">&gt;&gt;</a>&nbsp;&nbsp;&nbsp;uart0_putchar
<LI><a href="#[2f]">&gt;&gt;</a>&nbsp;&nbsp;&nbsp;out_char
</UL>

<P><STRONG><a name="[33]"></a>uart0_getchar_present</STRONG> (Thumb, 10 bytes, Stack size 0 bytes, uart.o(.text), UNUSED)
<BR><BR>[Called By]<UL><LI><a href="#[32]">&gt;&gt;</a>&nbsp;&nbsp;&nbsp;char_present
</UL>

<P><STRONG><a name="[2a]"></a>fputc</STRONG> (Thumb, 22 bytes, Stack size 8 bytes, retarget.o(.text))
<BR><BR>[Stack]<UL><LI>Max Depth = 16<LI>Call Chain = fputc &rArr; SER_PutChar
</UL>
<BR>[Calls]<UL><LI><a href="#[39]">&gt;&gt;</a>&nbsp;&nbsp;&nbsp;SER_PutChar
</UL>
<BR>[Address Reference Count : 1]<UL><LI> printf8.o(i.__0printf$8)
</UL>
<P><STRONG><a name="[3a]"></a>fgetc</STRONG> (Thumb, 8 bytes, Stack size 8 bytes, retarget.o(.text), UNUSED)
<BR><BR>[Calls]<UL><LI><a href="#[3b]">&gt;&gt;</a>&nbsp;&nbsp;&nbsp;SER_GetChar
</UL>

<P><STRONG><a name="[51]"></a>ferror</STRONG> (Thumb, 6 bytes, Stack size 0 bytes, retarget.o(.text), UNUSED)

<P><STRONG><a name="[3c]"></a>_ttywrch</STRONG> (Thumb, 8 bytes, Stack size 8 bytes, retarget.o(.text), UNUSED)
<BR><BR>[Calls]<UL><LI><a href="#[39]">&gt;&gt;</a>&nbsp;&nbsp;&nbsp;SER_PutChar
</UL>

<P><STRONG><a name="[3d]"></a>_sys_exit</STRONG> (Thumb, 2 bytes, Stack size 0 bytes, retarget.o(.text), UNUSED)
<BR><BR>[Calls]<UL><LI><a href="#[3d]">&gt;&gt;</a>&nbsp;&nbsp;&nbsp;_sys_exit
</UL>
<BR>[Called By]<UL><LI><a href="#[3d]">&gt;&gt;</a>&nbsp;&nbsp;&nbsp;_sys_exit
</UL>

<P><STRONG><a name="[39]"></a>SER_PutChar</STRONG> (Thumb, 16 bytes, Stack size 8 bytes, serial.o(.text))
<BR><BR>[Stack]<UL><LI>Max Depth = 8<LI>Call Chain = SER_PutChar
</UL>
<BR>[Calls]<UL><LI><a href="#[31]">&gt;&gt;</a>&nbsp;&nbsp;&nbsp;uart0_putchar
</UL>
<BR>[Called By]<UL><LI><a href="#[3c]">&gt;&gt;</a>&nbsp;&nbsp;&nbsp;_ttywrch
<LI><a href="#[2a]">&gt;&gt;</a>&nbsp;&nbsp;&nbsp;fputc
</UL>

<P><STRONG><a name="[3b]"></a>SER_GetChar</STRONG> (Thumb, 10 bytes, Stack size 8 bytes, serial.o(.text), UNUSED)
<BR><BR>[Calls]<UL><LI><a href="#[30]">&gt;&gt;</a>&nbsp;&nbsp;&nbsp;uart0_getchar
</UL>
<BR>[Called By]<UL><LI><a href="#[3a]">&gt;&gt;</a>&nbsp;&nbsp;&nbsp;fgetc
</UL>

<P><STRONG><a name="[35]"></a>MCG_HIRC48</STRONG> (Thumb, 44 bytes, Stack size 0 bytes, mcg_lite.o(.text))
<BR><BR>[Called By]<UL><LI><a href="#[34]">&gt;&gt;</a>&nbsp;&nbsp;&nbsp;sysinit
</UL>

<P><STRONG><a name="[52]"></a>__aeabi_uidiv</STRONG> (Thumb, 0 bytes, Stack size 12 bytes, uidiv.o(.text), UNUSED)

<P><STRONG><a name="[37]"></a>__aeabi_uidivmod</STRONG> (Thumb, 44 bytes, Stack size 12 bytes, uidiv.o(.text))
<BR><BR>[Stack]<UL><LI>Max Depth = 12<LI>Call Chain = __aeabi_uidivmod
</UL>
<BR>[Called By]<UL><LI><a href="#[36]">&gt;&gt;</a>&nbsp;&nbsp;&nbsp;__aeabi_idivmod
<LI><a href="#[34]">&gt;&gt;</a>&nbsp;&nbsp;&nbsp;sysinit
</UL>

<P><STRONG><a name="[53]"></a>__aeabi_idiv</STRONG> (Thumb, 0 bytes, Stack size 16 bytes, idiv.o(.text), UNUSED)

<P><STRONG><a name="[36]"></a>__aeabi_idivmod</STRONG> (Thumb, 40 bytes, Stack size 16 bytes, idiv.o(.text))
<BR><BR>[Stack]<UL><LI>Max Depth = 28<LI>Call Chain = __aeabi_idivmod &rArr; __aeabi_uidivmod
</UL>
<BR>[Calls]<UL><LI><a href="#[37]">&gt;&gt;</a>&nbsp;&nbsp;&nbsp;__aeabi_uidivmod
</UL>
<BR>[Called By]<UL><LI><a href="#[38]">&gt;&gt;</a>&nbsp;&nbsp;&nbsp;uart0_init
<LI><a href="#[34]">&gt;&gt;</a>&nbsp;&nbsp;&nbsp;sysinit
</UL>

<P><STRONG><a name="[3e]"></a>__aeabi_uldivmod</STRONG> (Thumb, 96 bytes, Stack size 48 bytes, uldiv.o(.text), UNUSED)
<BR><BR>[Calls]<UL><LI><a href="#[3f]">&gt;&gt;</a>&nbsp;&nbsp;&nbsp;__aeabi_llsr
<LI><a href="#[40]">&gt;&gt;</a>&nbsp;&nbsp;&nbsp;__aeabi_llsl
</UL>
<BR>[Called By]<UL><LI><a href="#[47]">&gt;&gt;</a>&nbsp;&nbsp;&nbsp;_printf_core
</UL>

<P><STRONG><a name="[2c]"></a>__scatterload</STRONG> (Thumb, 28 bytes, Stack size 0 bytes, init.o(.text))
<BR><BR>[Calls]<UL><LI><a href="#[41]">&gt;&gt;</a>&nbsp;&nbsp;&nbsp;__main_after_scatterload
</UL>
<BR>[Called By]<UL><LI><a href="#[2b]">&gt;&gt;</a>&nbsp;&nbsp;&nbsp;_main_scatterload
</UL>

<P><STRONG><a name="[54]"></a>__scatterload_rt2</STRONG> (Thumb, 0 bytes, Stack size 0 bytes, init.o(.text), UNUSED)

<P><STRONG><a name="[40]"></a>__aeabi_llsl</STRONG> (Thumb, 32 bytes, Stack size 8 bytes, llshl.o(.text), UNUSED)
<BR><BR>[Called By]<UL><LI><a href="#[3e]">&gt;&gt;</a>&nbsp;&nbsp;&nbsp;__aeabi_uldivmod
</UL>

<P><STRONG><a name="[55]"></a>_ll_shift_l</STRONG> (Thumb, 0 bytes, Stack size 8 bytes, llshl.o(.text), UNUSED)

<P><STRONG><a name="[3f]"></a>__aeabi_llsr</STRONG> (Thumb, 34 bytes, Stack size 8 bytes, llushr.o(.text), UNUSED)
<BR><BR>[Called By]<UL><LI><a href="#[3e]">&gt;&gt;</a>&nbsp;&nbsp;&nbsp;__aeabi_uldivmod
</UL>

<P><STRONG><a name="[56]"></a>_ll_ushift_r</STRONG> (Thumb, 0 bytes, Stack size 8 bytes, llushr.o(.text), UNUSED)

<P><STRONG><a name="[57]"></a>__scatterload_copy</STRONG> (Thumb, 14 bytes, Stack size unknown bytes, handlers.o(i.__scatterload_copy), UNUSED)

<P><STRONG><a name="[42]"></a>cpu_identify</STRONG> (Thumb, 318 bytes, Stack size 8 bytes, start.o(.text))
<BR><BR>[Stack]<UL><LI>Max Depth = 32<LI>Call Chain = cpu_identify &rArr; __2printf
</UL>
<BR>[Calls]<UL><LI><a href="#[43]">&gt;&gt;</a>&nbsp;&nbsp;&nbsp;__ARM_common_switch8
<LI><a href="#[2d]">&gt;&gt;</a>&nbsp;&nbsp;&nbsp;__2printf
</UL>
<BR>[Called By]<UL><LI><a href="#[44]">&gt;&gt;</a>&nbsp;&nbsp;&nbsp;start
</UL>

<P><STRONG><a name="[44]"></a>start</STRONG> (Thumb, 22 bytes, Stack size 8 bytes, start.o(.text))
<BR><BR>[Stack]<UL><LI>Max Depth = 68<LI>Call Chain = start &rArr; sysinit &rArr; uart0_init &rArr; __aeabi_idivmod &rArr; __aeabi_uidivmod
</UL>
<BR>[Calls]<UL><LI><a href="#[34]">&gt;&gt;</a>&nbsp;&nbsp;&nbsp;sysinit
<LI><a href="#[45]">&gt;&gt;</a>&nbsp;&nbsp;&nbsp;outSRS
<LI><a href="#[42]">&gt;&gt;</a>&nbsp;&nbsp;&nbsp;cpu_identify
</UL>
<BR>[Called By]<UL><LI><a href="#[27]">&gt;&gt;</a>&nbsp;&nbsp;&nbsp;SystemInit
</UL>

<P><STRONG><a name="[27]"></a>SystemInit</STRONG> (Thumb, 2 bytes, Stack size 0 bytes, start.o(.text))
<BR><BR>[Stack]<UL><LI>Max Depth = 68<LI>Call Chain = SystemInit &rArr; start &rArr; sysinit &rArr; uart0_init &rArr; __aeabi_idivmod &rArr; __aeabi_uidivmod
</UL>
<BR>[Calls]<UL><LI><a href="#[44]">&gt;&gt;</a>&nbsp;&nbsp;&nbsp;start
</UL>
<BR>[Address Reference Count : 1]<UL><LI> startup_mkl03z4.o(.text)
</UL>
<P><STRONG><a name="[58]"></a>flash_identify</STRONG> (Thumb, 1012 bytes, Stack size 12 bytes, start.o(.text), UNUSED)

<P><STRONG><a name="[45]"></a>outSRS</STRONG> (Thumb, 270 bytes, Stack size 16 bytes, rcm.o(.text))
<BR><BR>[Stack]<UL><LI>Max Depth = 40<LI>Call Chain = outSRS &rArr; __2printf
</UL>
<BR>[Calls]<UL><LI><a href="#[2d]">&gt;&gt;</a>&nbsp;&nbsp;&nbsp;__2printf
</UL>
<BR>[Called By]<UL><LI><a href="#[44]">&gt;&gt;</a>&nbsp;&nbsp;&nbsp;start
</UL>

<P><STRONG><a name="[46]"></a>__0printf$8</STRONG> (Thumb, 24 bytes, Stack size 24 bytes, printf8.o(i.__0printf$8), UNUSED)
<BR><BR>[Calls]<UL><LI><a href="#[47]">&gt;&gt;</a>&nbsp;&nbsp;&nbsp;_printf_core
</UL>

<P><STRONG><a name="[59]"></a>__1printf$8</STRONG> (Thumb, 0 bytes, Stack size 24 bytes, printf8.o(i.__0printf$8), UNUSED)

<P><STRONG><a name="[2d]"></a>__2printf</STRONG> (Thumb, 0 bytes, Stack size 24 bytes, printf8.o(i.__0printf$8))
<BR><BR>[Stack]<UL><LI>Max Depth = 24<LI>Call Chain = __2printf
</UL>
<BR>[Called By]<UL><LI><a href="#[45]">&gt;&gt;</a>&nbsp;&nbsp;&nbsp;outSRS
<LI><a href="#[42]">&gt;&gt;</a>&nbsp;&nbsp;&nbsp;cpu_identify
<LI><a href="#[26]">&gt;&gt;</a>&nbsp;&nbsp;&nbsp;main
</UL>

<P><STRONG><a name="[43]"></a>__ARM_common_switch8</STRONG> (Thumb, 26 bytes, Stack size 8 bytes, start.o(i.__ARM_common_switch8))
<BR><BR>[Stack]<UL><LI>Max Depth = 8<LI>Call Chain = __ARM_common_switch8
</UL>
<BR>[Called By]<UL><LI><a href="#[42]">&gt;&gt;</a>&nbsp;&nbsp;&nbsp;cpu_identify
</UL>

<P><STRONG><a name="[5a]"></a>__scatterload_null</STRONG> (Thumb, 2 bytes, Stack size unknown bytes, handlers.o(i.__scatterload_null), UNUSED)

<P><STRONG><a name="[5b]"></a>__scatterload_zeroinit</STRONG> (Thumb, 14 bytes, Stack size unknown bytes, handlers.o(i.__scatterload_zeroinit), UNUSED)
<P>
<H3>
Local Symbols
</H3>
<P><STRONG><a name="[47]"></a>_printf_core</STRONG> (Thumb, 1020 bytes, Stack size 104 bytes, printf8.o(i._printf_core), UNUSED)
<BR><BR>[Calls]<UL><LI><a href="#[3e]">&gt;&gt;</a>&nbsp;&nbsp;&nbsp;__aeabi_uldivmod
<LI><a href="#[48]">&gt;&gt;</a>&nbsp;&nbsp;&nbsp;_printf_pre_padding
<LI><a href="#[49]">&gt;&gt;</a>&nbsp;&nbsp;&nbsp;_printf_post_padding
</UL>
<BR>[Called By]<UL><LI><a href="#[46]">&gt;&gt;</a>&nbsp;&nbsp;&nbsp;__0printf$8
</UL>

<P><STRONG><a name="[49]"></a>_printf_post_padding</STRONG> (Thumb, 32 bytes, Stack size 24 bytes, printf8.o(i._printf_post_padding), UNUSED)
<BR><BR>[Called By]<UL><LI><a href="#[47]">&gt;&gt;</a>&nbsp;&nbsp;&nbsp;_printf_core
</UL>

<P><STRONG><a name="[48]"></a>_printf_pre_padding</STRONG> (Thumb, 44 bytes, Stack size 40 bytes, printf8.o(i._printf_pre_padding), UNUSED)
<BR><BR>[Called By]<UL><LI><a href="#[47]">&gt;&gt;</a>&nbsp;&nbsp;&nbsp;_printf_core
</UL>
<P>
<H3>
Undefined Global Symbols
</H3><HR></body></html>
